Restarting services...

Service restarts being deferred:
 systemctl restart unattended-upgrades.service

No containers need to be restarted.

No user sessions are running outdated binaries.

No VM guests are running outdated hypervisor (qemu) binaries on this host.
root@srv1080561:~# sudo systemctl enable redis-server
Synchronizing state of redis-server.service with SysV service script with /usr/lib/systemd/systemd-sysv-install.
Executing: /usr/lib/systemd/systemd-sysv-install enable redis-server
root@srv1080561:~# sudo systemctl start redis-server
root@srv1080561:~# redis-cli ping
PONG
root@srv1080561:~# sudo nano /etc/redis/redis.conf
root@srv1080561:~# sudo systemctl restart redis-server
root@srv1080561:~# redis-cli -a Proelast1608@
Warning: Using a password with '-a' or '-u' option on the command line interface may not be safe.
127.0.0.1:6379> redis-cli -a Proelast1608@ ping
(error) ERR unknown command 'redis-cli', with args beginning with: '-a' 'Proelast1608@' 'ping'
127.0.0.1:6379> redis-cli -a Proelast1608@ ping
(error) ERR unknown command 'redis-cli', with args beginning with: '-a' 'Proelast1608@' 'ping'
127.0.0.1:6379> redis-cli -a Proelast1608@ ping
(error) ERR unknown command 'redis-cli', with args beginning with: '-a' 'Proelast1608@' 'ping'
127.0.0.1:6379> exit
root@srv1080561:~# redis-cli -a Proelast1608@ ping
Warning: Using a password with '-a' or '-u' option on the command line interface may not be safe.
PONG
root@srv1080561:~# redis-cli -a Proelast1608@ ping
Warning: Using a password with '-a' or '-u' option on the command line interface may not be safe.
PONG
root@srv1080561:~# redis-cli -a Proelast1608@ ping
Warning: Using a password with '-a' or '-u' option on the command line interface may not be safe.
PONG
root@srv1080561:~# bash LIBERAR_REDIS_REMOTO.sh
bash: LIBERAR_REDIS_REMOTO.sh: No such file or directory
root@srv1080561:~# sudo cp /etc/redis/redis.conf /etc/redis/redis.conf.backup
root@srv1080561:~# sudo sed -i 's/^bind 127.0.0.1 ::1/bind 0.0.0.0/' /etc/redis/redis.conf
root@srv1080561:~# sudo sed -i 's/^# requirepass.*/requirepass Proelast1608@/' /etc/redis/redis.conf
root@srv1080561:~# sudo ufw allow 6379/tcp
Rules updated
Rules updated (v6)
root@srv1080561:~# sudo systemctl restart redis-server
root@srv1080561:~# redis-cli -a Proelast1608@ ping
Warning: Using a password with '-a' or '-u' option on the command line interface may not be safe.
PONG
root@srv1080561:~# grep "^bind" /etc/redis/redis.conf
bind 127.0.0.1 -::1
root@srv1080561:~# grep "^requirepass" /etc/redis/redis.conf
requirepass Proelast1608@
root@srv1080561:~#